// Jest Snapshot v1, https://goo.gl/fbAQLP

exports[`Pruebas en <AppRouter/> Debe mostrar el login si no est√° autenticado 1`] = `
<div>
  <div>
    <h1>
      Login
    </h1>
    <hr />
    <button
      className="btn btn-primary"
      onClick={[Function]}
    >
      Login
    </button>
  </div>
</div>
`;
